Program [Function "aLpHa25" (Arguments ["BeTa1ZETA"]) (Variables ["abcd", "ABCD", "a2c4", "A2C4", "a1Long2Name3Here4"]) (Block []), Function "main" (Arguments []) (Variables []) (Block [])]