Program [Function "main" (Arguments ["main"]) (Variables []) (Block [StmtReturn "main"])]