Program [Function "main" (Arguments []) (Variables []) (Block [])]